// Jest Snapshot v1, https://goo.gl/fbAQLP

exports[`should render heading correctly 1`] = `
<div>
  <header>
    <h1>
      _&gt;Expensify App
    </h1>
  </header>
  <NavLink
    activeClassName="is-active"
    ariaCurrent="true"
    exact={true}
    to="/"
  >
    Home
  </NavLink>
  <NavLink
    activeClassName="is-active"
    ariaCurrent="true"
    to="/create"
  >
    Create
  </NavLink>
</div>
`;
